[rici.io/index.html]
[backblue.gif]
[fade.gif]
[index.html]
[rici.io/images/thumbnail.jpg]
[rici.io/favicon.ico]
[rici.io/_next/static/css/9b4344c1d0a3ff08.css]
[rici.io/_next/static/chunks/polyfills-a40ef1678bae11e696dba45124eadd70.js]
[rici.io/_next/static/chunks/webpack-c66a1cc0a3689c22.js]
[rici.io/_next/static/chunks/framework-33299f356f3911e5.js]
[rici.io/_next/static/chunks/main-c1d7d407bc8024d4.js]
[rici.io/_next/static/chunks/261-993f0ba630dcd136.js]
[rici.io/_next/static/chunks/pages/index-1a995ecc0cfa38cb.js]
[rici.io/_next/static/chunks/pages/_app-7f797e003ef2d72d.js]
[rici.io/_next/static/chzhXGXfRRtWia_V_rAaW/_buildManifest.js]
[rici.io/_next/static/chzhXGXfRRtWia_V_rAaW/_ssgManifest.js]
[rici.io/_next/static/chzhXGXfRRtWia_V_rAaW/_middlewareManifest.js]
[rici.io/images/logo.png]
[rici.io/images/section-head/stars-top.png]
[rici.io/images/section-head/stars-left.png]
[rici.io/images/section-head/stars-right.png]
[rici.io/images/section-head/earth-1.png]
[rici.io/images/section-head/globe.png]
[rici.io/images/section-head/cat-light.png]
[rici.io/images/section-head/items-left.png]
[rici.io/images/section-head/items-right.png]
[rici.io/images/section-head/cat.png]
[rici.io/images/buttons/buy-rici.png]
[rici.io/images/buttons/contract-address.png]
[rici.io/images/section-head/about.png]
[rici.io/images/buttons/how-to-play.png]
[rici.io/images/section-head/video.png]
[rici.io/'/images/sections-body-background.png']
[rici.io/images/tokenomics.png]
[rici.io/images/earth-3.png]
[rici.io/images/buttons/light-paper.png]
[rici.io/images/airdrop.png]
[rici.io/images/icon-telegram.png]
[rici.io/images/airdrop-footer.png]
[rici.io/images/airdrop-form-mobile.png]
[rici.io/images/earth-4.png]
[rici.io/images/roadmap.png]
[rici.io/images/roadmap-plane.png]
[rici.io/images/earth-5.png]
[rici.io/images/game.png]
[rici.io/images/game-label.png]
[rici.io/images/fight.gif]
[rici.io/images/buttons/play-game-now.png]
[rici.io/images/partner.png]
[rici.io/images/contact.png]
[rici.io/images/social-telegram.png]
[rici.io/images/social-youtube.png]
[rici.io/images/social-skyber.png]
[rici.io/index.html]
[rici.io/_next/static/media/Gotham-Light.9c5e046b.otf]
[rici.io/_next/static/media/Gotham-Medium.026843f9.otf]
[rici.io/_next/static/media/Gotham-Bold.5306f5d5.otf]
[rici.io/_next/static/media/Gotham-Bolder.1b402ce7.otf]
[rici.io/_next/static/media/BRLNSDB.205652e6.TTF]
[rici.io/_next/static/media/SVN-Avo.4bd145f2.ttf]
[rici.io/_next/static/media/SVN-Avo-italic.8743feb7.ttf]
[rici.io/_next/static/media/SVN-Avo-bold.2eb79cc3.ttf]
[rici.io/_next/static/media/SVN-Avo-bold-italic.2cf4d9b1.ttf]
[rici.io/_next/static/css/9b4344c1d0a3ff08.css]
[rici.io/'/images/sections-body-background.html]
[rici.io/_next/static/media/SVN-Cookie.ecb62dda.ttf]
